// Jest Snapshot v1, https://goo.gl/fbAQLP

exports[`<SolidButton /> should match snapshot 1`] = `
<ForwardRef
  css="
        background-color: var(--button-background-color);
        color: var(--button-font-color);
      "
  fontWeight="bold"
  onClick={[Function]}
  sx={Object {}}
>
  Button Text
</ForwardRef>
`;
